MCParcel / Setup                                            1 catalog + personal
[Design 0/2]  Development 1/2   Research 0/1   Other 2/2

  MCP                                          On  Runs on      Source
> Figma                                        [ ] Remote       acmeco/mcp-ca...
  Paper                                        [ ] This device  acmeco/mcp-ca...














Configuration ready. Connection not checked.

Space: toggle  Enter: details  /: search  Ctrl+S: save  ?: help
No unsaved changes                                               [Save] [Cancel]